// Jest Snapshot v1, https://goo.gl/fbAQLP

exports[`Checkbox  renders 1`] = `
<CheckableInput
  label="Test checkbox"
  type="checkbox"
/>
`;
