// Jest Snapshot v1, https://goo.gl/fbAQLP

exports[`Chip  renders 1`] = `
<div
  className="p-chip"
>
  positive
</div>
`;
