// Jest Snapshot v1, https://goo.gl/fbAQLP

exports[`Radio  renders 1`] = `
<CheckableInput
  label="Test radio"
  type="radio"
/>
`;
